  Compiling CUDA source file algo1CUDA.cu...
  
  C:\Users\MESH USER\Desktop\CS\ImageProcessing\SourceCode\Algorithms>"C:\Program Files\NVIDIA GPU Computing Toolkit\CUDA\v13.0\bin\nvcc.exe" -gencode=arch=compute_75,code=\"sm_75,compute_75\" --use-local-env -ccbin "C:\Program Files\Microsoft Visual Studio\2022\Community\VC\Tools\MSVC\14.43.34808\bin\HostX64\x64" -x cu   -I"C:\Program Files\NVIDIA GPU Computing Toolkit\CUDA\v13.0\include" -I"C:\Program Files\NVIDIA GPU Computing Toolkit\CUDA\v13.0\include" -I"C:\Users\MESH USER\vcpkg\installed\x64-windows\include" -I"C:\Program Files\NVIDIA GPU Computing Toolkit\CUDA\v13.0\include"     --keep-dir Algorithms\x64\Release  -maxrregcount=0    --machine 64 --compile -cudart static    -DNDEBUG -D_CONSOLE -D_UNICODE -DUNICODE -Xcompiler "/EHsc /W3 /nologo /Od /FS   /MD " -Xcompiler "/FdAlgorithms\x64\Release\vc143.pdb" -o "C:\Users\MESH USER\Desktop\CS\ImageProcessing\SourceCode\Algorithms\Algorithms\x64\Release\algo1CUDA.cu.obj" "C:\Users\MESH USER\Desktop\CS\ImageProcessing\SourceCode\Algorithms\algo1CUDA.cu" 
C:\Users\MESH USER\opencv\build\include\opencv2/stitching/detail/warpers.hpp(235): warning #611-D: overloaded virtual function "cv::detail::PlaneWarper::buildMaps" is only partially overridden in class "cv::detail::AffineWarper"
    class  AffineWarper : public PlaneWarper
           ^
  
  Remark: The warnings can be suppressed with "-diag-suppress <warning-number>"
  
C:\Users\MESH USER\opencv\build\include\opencv2/stitching/detail/warpers.hpp(235): warning #611-D: overloaded virtual function "cv::detail::PlaneWarper::warp" is only partially overridden in class "cv::detail::AffineWarper"
    class  AffineWarper : public PlaneWarper
           ^
  
C:\Users\MESH USER\opencv\build\include\opencv2/stitching/detail/matchers.hpp(182): warning #611-D: overloaded virtual function "cv::detail::FeaturesMatcher::match" is only partially overridden in class "cv::detail::BestOf2NearestMatcher"
    class  BestOf2NearestMatcher : public FeaturesMatcher
           ^
  
C:\Users\MESH USER\opencv\build\include\opencv2/stitching/detail/matchers.hpp(236): warning #611-D: overloaded virtual function "cv::detail::FeaturesMatcher::match" is only partially overridden in class "cv::detail::AffineBestOf2NearestMatcher"
    class  AffineBestOf2NearestMatcher : public BestOf2NearestMatcher
           ^
  
C:\Users\MESH USER\opencv\build\include\opencv2/stitching/detail/blenders.hpp(100): warning #611-D: overloaded virtual function "cv::detail::Blender::prepare" is only partially overridden in class "cv::detail::FeatherBlender"
    class  FeatherBlender : public Blender
           ^
  
C:\Users\MESH USER\opencv\build\include\opencv2/stitching/detail/blenders.hpp(127): warning #611-D: overloaded virtual function "cv::detail::Blender::prepare" is only partially overridden in class "cv::detail::MultiBandBlender"
    class  MultiBandBlender : public Blender
           ^
  
C:\Users\MESH USER\opencv\build\include\opencv2/stitching/detail/warpers.hpp(235): warning #611-D: overloaded virtual function "cv::detail::PlaneWarper::buildMaps" is only partially overridden in class "cv::detail::AffineWarper"
    class  AffineWarper : public PlaneWarper
           ^
  
  Remark: The warnings can be suppressed with "-diag-suppress <warning-number>"
  
C:\Users\MESH USER\opencv\build\include\opencv2/stitching/detail/warpers.hpp(235): warning #611-D: overloaded virtual function "cv::detail::PlaneWarper::warp" is only partially overridden in class "cv::detail::AffineWarper"
    class  AffineWarper : public PlaneWarper
           ^
  
C:\Users\MESH USER\opencv\build\include\opencv2/stitching/detail/matchers.hpp(182): warning #611-D: overloaded virtual function "cv::detail::FeaturesMatcher::match" is only partially overridden in class "cv::detail::BestOf2NearestMatcher"
    class  BestOf2NearestMatcher : public FeaturesMatcher
           ^
  
C:\Users\MESH USER\opencv\build\include\opencv2/stitching/detail/matchers.hpp(236): warning #611-D: overloaded virtual function "cv::detail::FeaturesMatcher::match" is only partially overridden in class "cv::detail::AffineBestOf2NearestMatcher"
    class  AffineBestOf2NearestMatcher : public BestOf2NearestMatcher
           ^
  
C:\Users\MESH USER\opencv\build\include\opencv2/stitching/detail/blenders.hpp(100): warning #611-D: overloaded virtual function "cv::detail::Blender::prepare" is only partially overridden in class "cv::detail::FeatherBlender"
    class  FeatherBlender : public Blender
           ^
  
C:\Users\MESH USER\opencv\build\include\opencv2/stitching/detail/blenders.hpp(127): warning #611-D: overloaded virtual function "cv::detail::Blender::prepare" is only partially overridden in class "cv::detail::MultiBandBlender"
    class  MultiBandBlender : public Blender
           ^
  
  algo1CUDA.cu
  tmpxft_00008794_00000000-7_algo1CUDA.cudafe1.cpp
C:\Users\MESH USER\Desktop\CS\ImageProcessing\SourceCode\Algorithms\algo1CUDA.cu(41): warning C4267: 'initializing': conversion from 'size_t' to 'int', possible loss of data
C:\Users\MESH USER\Desktop\CS\ImageProcessing\SourceCode\Algorithms\algo1CUDA.cu(65): warning C4244: '+=': conversion from '_Rep' to 'long', possible loss of data
          with
          [
              _Rep=__int64
          ]
C:\Users\MESH USER\Desktop\CS\ImageProcessing\SourceCode\Algorithms\algo1CUDA.cu(68): warning C4244: 'argument': conversion from 'double' to '_Ty', possible loss of data
          with
          [
              _Ty=long
          ]
  algo1.cpp
C:\Users\MESH USER\Desktop\CS\ImageProcessing\SourceCode\Algorithms\algo1.cpp(44,22): warning C4244: '+=': conversion from '_Rep' to 'long', possible loss of data
C:\Users\MESH USER\Desktop\CS\ImageProcessing\SourceCode\Algorithms\algo1.cpp(44,22): warning C4244:         with
C:\Users\MESH USER\Desktop\CS\ImageProcessing\SourceCode\Algorithms\algo1.cpp(44,22): warning C4244:         [
C:\Users\MESH USER\Desktop\CS\ImageProcessing\SourceCode\Algorithms\algo1.cpp(44,22): warning C4244:             _Rep=__int64
C:\Users\MESH USER\Desktop\CS\ImageProcessing\SourceCode\Algorithms\algo1.cpp(44,22): warning C4244:         ]
C:\Users\MESH USER\Desktop\CS\ImageProcessing\SourceCode\Algorithms\algo1.cpp(47,21): warning C4244: 'argument': conversion from 'double' to '_Ty', possible loss of data
C:\Users\MESH USER\Desktop\CS\ImageProcessing\SourceCode\Algorithms\algo1.cpp(47,21): warning C4244:         with
C:\Users\MESH USER\Desktop\CS\ImageProcessing\SourceCode\Algorithms\algo1.cpp(47,21): warning C4244:         [
C:\Users\MESH USER\Desktop\CS\ImageProcessing\SourceCode\Algorithms\algo1.cpp(47,21): warning C4244:             _Ty=long
C:\Users\MESH USER\Desktop\CS\ImageProcessing\SourceCode\Algorithms\algo1.cpp(47,21): warning C4244:         ]
C:\Users\MESH USER\Desktop\CS\ImageProcessing\SourceCode\Algorithms\algo1.cpp(81,12): warning C4244: 'initializing': conversion from 'double' to 'int', possible loss of data
C:\Users\MESH USER\Desktop\CS\ImageProcessing\SourceCode\Algorithms\algo1.cpp(93,22): warning C4244: '+=': conversion from '_Rep' to 'long', possible loss of data
C:\Users\MESH USER\Desktop\CS\ImageProcessing\SourceCode\Algorithms\algo1.cpp(93,22): warning C4244:         with
C:\Users\MESH USER\Desktop\CS\ImageProcessing\SourceCode\Algorithms\algo1.cpp(93,22): warning C4244:         [
C:\Users\MESH USER\Desktop\CS\ImageProcessing\SourceCode\Algorithms\algo1.cpp(93,22): warning C4244:             _Rep=__int64
C:\Users\MESH USER\Desktop\CS\ImageProcessing\SourceCode\Algorithms\algo1.cpp(93,22): warning C4244:         ]
C:\Users\MESH USER\Desktop\CS\ImageProcessing\SourceCode\Algorithms\algo1.cpp(96,21): warning C4244: 'argument': conversion from 'double' to '_Ty', possible loss of data
C:\Users\MESH USER\Desktop\CS\ImageProcessing\SourceCode\Algorithms\algo1.cpp(96,21): warning C4244:         with
C:\Users\MESH USER\Desktop\CS\ImageProcessing\SourceCode\Algorithms\algo1.cpp(96,21): warning C4244:         [
C:\Users\MESH USER\Desktop\CS\ImageProcessing\SourceCode\Algorithms\algo1.cpp(96,21): warning C4244:             _Ty=long
C:\Users\MESH USER\Desktop\CS\ImageProcessing\SourceCode\Algorithms\algo1.cpp(96,21): warning C4244:         ]
  helpers.cpp
  main.cpp
     Creating library C:\Users\MESH USER\Desktop\CS\ImageProcessing\SourceCode\Algorithms\x64\Release\Algorithms.lib and object C:\Users\MESH USER\Desktop\CS\ImageProcessing\SourceCode\Algorithms\x64\Release\Algorithms.exp
LINK : warning LNK4098: defaultlib 'LIBCMT' conflicts with use of other libs; use /NODEFAULTLIB:library
  Generating code
  268 of 268 functions (100.0%) were compiled.
    0 functions were new in current compilation
    0 functions had inline decision re-evaluated but remain unchanged
  Finished generating code
  Algorithms.vcxproj -> C:\Users\MESH USER\Desktop\CS\ImageProcessing\SourceCode\Algorithms\x64\Release\Algorithms.exe
  'pwsh.exe' is not recognized as an internal or external command,
  operable program or batch file.
